// Jest Snapshot v1, https://goo.gl/fbAQLP

exports[`Footer Should render without error 1`] = `[Function]`;
