// Jest Snapshot v1, https://goo.gl/fbAQLP

exports[`Logo Should render without error 1`] = `[Function]`;
